// Jest Snapshot v1, https://goo.gl/fbAQLP

exports[`Product render proprely 1`] = `
<form
  className="edit-product"
>
  <div
    className="edit-product__values"
  >
    <div
      className="input-group"
    >
      <label>
        Name
      </label>
      <input
        className="name"
        name="name"
        onChange={[Function]}
        placeholder="Type the product name"
        required={true}
      />
    </div>
    <div
      className="input-group"
    >
      <label>
        Quantity
      </label>
      <input
        className="quantity"
        name="quantity"
        onChange={[Function]}
        placeholder="qty"
        required={true}
        type="number"
      />
    </div>
    <div
      className="input-group"
    >
      <label>
        Currency
      </label>
      <input
        className="currency"
        name="currency"
        onChange={[Function]}
        placeholder="$"
        required={true}
      />
    </div>
    <div
      className="input-group"
    >
      <label>
        Price
      </label>
      <input
        className="price"
        name="price"
        onChange={[Function]}
        required={true}
      />
    </div>
  </div>
  <div
    className="edit-product__actions"
  >
    <button
      className="save"
      onClick={[Function]}
    >
      Save
    </button>
    <button
      className="cancel"
      onClick={[Function]}
    >
      Cancel
    </button>
  </div>
</form>
`;
