// Jest Snapshot v1, https://goo.gl/fbAQLP

exports[`Product render proprely 1`] = `
<Memo(ListItem)
  actions={
    Array [
      "delete",
      "edit",
    ]
  }
  className="product"
  details={
    Array [
      <p
        className="product__name"
      />,
      <p
        className="product__quantity"
      />,
      <p
        className="product__price"
      >
        <span />
         
      </p>,
    ]
  }
/>
`;
