// Jest Snapshot v1, https://goo.gl/fbAQLP

exports[`ListItem render proprely 1`] = `
<div
  className="list-item test"
>
  <input
    disabled={false}
    id="test"
    onChange={[Function]}
    type="checkbox"
    value={false}
  />
  <div
    className="list-item__details"
  >
    <div>
      details
    </div>
  </div>
  <div
    className="list-item__actions"
  >
    <div>
      actions
    </div>
  </div>
</div>
`;
